🤿 Dive Log App — http://localhost:5001
   スマホからは http://<あなたのMacのIP>:5001 でアクセス可
 * Serving Flask app 'app'
 * Debug mode: on
🤿 Dive Log App — http://localhost:5001
   スマホからは http://<あなたのMacのIP>:5001 でアクセス可
 * Serving Flask app 'app'
 * Debug mode: on
🤿 Dive Log App — http://localhost:5001
   スマホからは http://<あなたのMacのIP>:5001 でアクセス可
 * Serving Flask app 'app'
 * Debug mode: on
🤿 Dive Log App — http://localhost:5001
   スマホからは http://<あなたのMacのIP>:5001 でアクセス可
 * Serving Flask app 'app'
 * Debug mode: on
🤿 Dive Log App — http://localhost:5001
   スマホからは http://<あなたのMacのIP>:5001 でアクセス可
 * Serving Flask app 'app'
 * Debug mode: on
🤿 Dive Log App — http://localhost:5001
   スマホからは http://<あなたのMacのIP>:5001 でアクセス可
 * Serving Flask app 'app'
 * Debug mode: on
🤿 Dive Log App — http://localhost:5001
   スマホからは http://<あなたのMacのIP>:5001 でアクセス可
 * Serving Flask app 'app'
 * Debug mode: on
🤿 Dive Log App — http://localhost:5001
   スマホからは http://<あなたのMacのIP>:5001 でアクセス可
 * Serving Flask app 'app'
 * Debug mode: on
🤿 Dive Log App — http://localhost:5001
   スマホからは http://<あなたのMacのIP>:5001 でアクセス可
 * Serving Flask app 'app'
 * Debug mode: on
🤿 Dive Log App — http://localhost:5001
   スマホからは http://<あなたのMacのIP>:5001 でアクセス可
 * Serving Flask app 'app'
 * Debug mode: on
🤿 Dive Log App — http://localhost:5001
   スマホからは http://<あなたのMacのIP>:5001 でアクセス可
 * Serving Flask app 'app'
 * Debug mode: on
🤿 Dive Log App — http://localhost:5001
   スマホからは http://<あなたのMacのIP>:5001 でアクセス可
 * Serving Flask app 'app'
 * Debug mode: on
🤿 Dive Log App — http://localhost:5001
   スマホからは http://<あなたのMacのIP>:5001 でアクセス可
 * Serving Flask app 'app'
 * Debug mode: on
🤿 Dive Log App — http://localhost:5001
   スマホからは http://<あなたのMacのIP>:5001 でアクセス可
 * Serving Flask app 'app'
 * Debug mode: on
🤿 Dive Log App — http://localhost:5001
   スマホからは http://<あなたのMacのIP>:5001 でアクセス可
 * Serving Flask app 'app'
 * Debug mode: on
🤿 Dive Log App — http://localhost:5001
   スマホからは http://<あなたのMacのIP>:5001 でアクセス可
 * Serving Flask app 'app'
 * Debug mode: on
🤿 Dive Log App — http://localhost:5001
   スマホからは http://<あなたのMacのIP>:5001 でアクセス可
 * Serving Flask app 'app'
 * Debug mode: on
🤿 Dive Log App — http://localhost:5001
   スマホからは http://<あなたのMacのIP>:5001 でアクセス可
 * Serving Flask app 'app'
 * Debug mode: on
🤿 Dive Log App — http://localhost:5001
   スマホからは http://<あなたのMacのIP>:5001 でアクセス可
 * Serving Flask app 'app'
 * Debug mode: on
🤿 Dive Log App — http://localhost:5001
   スマホからは http://<あなたのMacのIP>:5001 でアクセス可
 * Serving Flask app 'app'
 * Debug mode: on
🤿 Dive Log App — http://localhost:5001
   スマホからは http://<あなたのMacのIP>:5001 でアクセス可
 * Serving Flask app 'app'
 * Debug mode: on
🤿 Dive Log App — http://localhost:5001
   スマホからは http://<あなたのMacのIP>:5001 でアクセス可
 * Serving Flask app 'app'
 * Debug mode: on
🤿 Dive Log App — http://localhost:5001
   スマホからは http://<あなたのMacのIP>:5001 でアクセス可
 * Serving Flask app 'app'
 * Debug mode: on
🤿 Dive Log App — http://localhost:5001
   スマホからは http://<あなたのMacのIP>:5001 でアクセス可
 * Serving Flask app 'app'
 * Debug mode: on
🤿 Dive Log App — http://localhost:5001
   スマホからは http://<あなたのMacのIP>:5001 でアクセス可
 * Serving Flask app 'app'
 * Debug mode: on
🤿 Dive Log App — http://localhost:5001
   スマホからは http://<あなたのMacのIP>:5001 でアクセス可
 * Serving Flask app 'app'
 * Debug mode: on
🤿 Dive Log App — http://localhost:5001
   スマホからは http://<あなたのMacのIP>:5001 でアクセス可
 * Serving Flask app 'app'
 * Debug mode: on
🤿 Dive Log App — http://localhost:5001
   スマホからは http://<あなたのMacのIP>:5001 でアクセス可
 * Serving Flask app 'app'
 * Debug mode: on
🤿 Dive Log App — http://localhost:5001
   スマホからは http://<あなたのMacのIP>:5001 でアクセス可
 * Serving Flask app 'app'
 * Debug mode: on
🤿 Dive Log App — http://localhost:5001
   スマホからは http://<あなたのMacのIP>:5001 でアクセス可
🤿 Dive Log App — http://localhost:5001
   スマホからは http://<あなたのMacのIP>:5001 でアクセス可
 * Serving Flask app 'app'
 * Debug mode: off
🤿 Dive Log App — http://localhost:5001
   スマホからは http://<あなたのMacのIP>:5001 でアクセス可
 * Serving Flask app 'app'
 * Debug mode: off
🤿 Dive Log App — http://localhost:5001
   スマホからは http://<あなたのMacのIP>:5001 でアクセス可
 * Serving Flask app 'app'
 * Debug mode: off
🤿 Dive Log App — http://localhost:5001
   スマホからは http://<あなたのMacのIP>:5001 でアクセス可
 * Serving Flask app 'app'
 * Debug mode: off
🤿 Dive Log App — http://localhost:5001
   スマホからは http://<あなたのMacのIP>:5001 でアクセス可
 * Serving Flask app 'app'
 * Debug mode: off
🤿 Dive Log App — http://localhost:5001
   スマホからは http://<あなたのMacのIP>:5001 でアクセス可
 * Serving Flask app 'app'
 * Debug mode: off
🤿 Dive Log App — http://localhost:5001
   スマホからは http://<あなたのMacのIP>:5001 でアクセス可
 * Serving Flask app 'app'
 * Debug mode: off
🤿 Dive Log App — http://localhost:5001
   スマホからは http://<あなたのMacのIP>:5001 でアクセス可
 * Serving Flask app 'app'
 * Debug mode: off
🤿 Dive Log App — http://localhost:5001
   スマホからは http://<あなたのMacのIP>:5001 でアクセス可
 * Serving Flask app 'app'
 * Debug mode: off
🤿 Dive Log App — http://localhost:5001
   スマホからは http://<あなたのMacのIP>:5001 でアクセス可
 * Serving Flask app 'app'
 * Debug mode: off
🤿 Dive Log App — http://localhost:5001
   スマホからは http://<あなたのMacのIP>:5001 でアクセス可
 * Serving Flask app 'app'
 * Debug mode: off
🤿 Dive Log App — http://localhost:5001
   スマホからは http://<あなたのMacのIP>:5001 でアクセス可
 * Serving Flask app 'app'
 * Debug mode: off
🤿 Dive Log App — http://localhost:5001
   スマホからは http://<あなたのMacのIP>:5001 でアクセス可
 * Serving Flask app 'app'
 * Debug mode: off
🤿 Dive Log App — http://localhost:5001
   スマホからは http://<あなたのMacのIP>:5001 でアクセス可
 * Serving Flask app 'app'
 * Debug mode: off
